// Jest Snapshot v1, https://goo.gl/fbAQLP

exports[`renders correctly 1`] = `
ShallowWrapper {
  "length": 1,
  Symbol(enzyme.__root__): [Circular],
  Symbol(enzyme.__unrendered__): <App
    loading={false}
    todos={
      Array [
        Object {
          "id": 1,
          "message": "aa",
          "title": "a",
        },
        Object {
          "id": 2,
          "message": "bb",
          "title": "b",
        },
        Object {
          "id": 3,
          "title": "c",
        },
      ]
    }
  />,
  Symbol(enzyme.__renderer__): Object {
    "batchedUpdates": [Function],
    "getNode": [Function],
    "render": [Function],
    "simulateEvent": [Function],
    "unmount": [Function],
  },
  Symbol(enzyme.__node__): Object {
    "instance": null,
    "key": undefined,
    "nodeType": "function",
    "props": Object {
      "loading": false,
      "todos": Array [
        Object {
          "id": 1,
          "message": "aa",
          "title": "a",
        },
        Object {
          "id": 2,
          "message": "bb",
          "title": "b",
        },
        Object {
          "id": 3,
          "title": "c",
        },
      ],
    },
    "ref": null,
    "rendered": null,
    "type": [Function],
  },
  Symbol(enzyme.__nodes__): Array [
    Object {
      "instance": null,
      "key": undefined,
      "nodeType": "function",
      "props": Object {
        "loading": false,
        "todos": Array [
          Object {
            "id": 1,
            "message": "aa",
            "title": "a",
          },
          Object {
            "id": 2,
            "message": "bb",
            "title": "b",
          },
          Object {
            "id": 3,
            "title": "c",
          },
        ],
      },
      "ref": null,
      "rendered": null,
      "type": [Function],
    },
  ],
  Symbol(enzyme.__options__): Object {
    "adapter": ReactSixteenAdapter {
      "options": Object {
        "enableComponentDidUpdateOnSetState": true,
      },
    },
  },
}
`;
