// Jest Snapshot v1, https://goo.gl/fbAQLP

exports[`renders correctly 1`] = `
ShallowWrapper {
  "length": 1,
  Symbol(enzyme.__root__): [Circular],
  Symbol(enzyme.__unrendered__): <Todo
    todo={
      Object {
        "id": 1,
        "message": "message",
        "title": "title",
        "updatedAt": "2018-01-28 06:52:05",
      }
    }
  />,
  Symbol(enzyme.__renderer__): Object {
    "batchedUpdates": [Function],
    "getNode": [Function],
    "render": [Function],
    "simulateEvent": [Function],
    "unmount": [Function],
  },
  Symbol(enzyme.__node__): Object {
    "instance": null,
    "key": undefined,
    "nodeType": "host",
    "props": Object {
      "children": Array [
        <div
          className="title"
        >
          title
        </div>,
        <div
          className="message"
        >
          message
        </div>,
        <div
          className="updatedAt"
        >
          1일
        </div>,
      ],
      "className": "todo",
      "style": Object {
        "backgroundColor": "#9CCC65",
      },
    },
    "ref": null,
    "rendered": Array [
      Object {
        "instance": null,
        "key": undefined,
        "nodeType": "host",
        "props": Object {
          "children": "title",
          "className": "title",
        },
        "ref": null,
        "rendered": "title",
        "type": "div",
      },
      Object {
        "instance": null,
        "key": undefined,
        "nodeType": "host",
        "props": Object {
          "children": "message",
          "className": "message",
        },
        "ref": null,
        "rendered": "message",
        "type": "div",
      },
      Object {
        "instance": null,
        "key": undefined,
        "nodeType": "host",
        "props": Object {
          "children": "1일",
          "className": "updatedAt",
        },
        "ref": null,
        "rendered": "1일",
        "type": "div",
      },
    ],
    "type": "div",
  },
  Symbol(enzyme.__nodes__): Array [
    Object {
      "instance": null,
      "key": undefined,
      "nodeType": "host",
      "props": Object {
        "children": Array [
          <div
            className="title"
          >
            title
          </div>,
          <div
            className="message"
          >
            message
          </div>,
          <div
            className="updatedAt"
          >
            1일
          </div>,
        ],
        "className": "todo",
        "style": Object {
          "backgroundColor": "#9CCC65",
        },
      },
      "ref": null,
      "rendered": Array [
        Object {
          "instance": null,
          "key": undefined,
          "nodeType": "host",
          "props": Object {
            "children": "title",
            "className": "title",
          },
          "ref": null,
          "rendered": "title",
          "type": "div",
        },
        Object {
          "instance": null,
          "key": undefined,
          "nodeType": "host",
          "props": Object {
            "children": "message",
            "className": "message",
          },
          "ref": null,
          "rendered": "message",
          "type": "div",
        },
        Object {
          "instance": null,
          "key": undefined,
          "nodeType": "host",
          "props": Object {
            "children": "1일",
            "className": "updatedAt",
          },
          "ref": null,
          "rendered": "1일",
          "type": "div",
        },
      ],
      "type": "div",
    },
  ],
  Symbol(enzyme.__options__): Object {
    "adapter": ReactSixteenAdapter {
      "options": Object {
        "enableComponentDidUpdateOnSetState": true,
      },
    },
  },
}
`;
