// Jest Snapshot v1, https://goo.gl/fbAQLP

exports[`renders correctly 1`] = `
ShallowWrapper {
  "length": 1,
  Symbol(enzyme.__root__): [Circular],
  Symbol(enzyme.__unrendered__): <App />,
  Symbol(enzyme.__renderer__): Object {
    "batchedUpdates": [Function],
    "getNode": [Function],
    "render": [Function],
    "simulateEvent": [Function],
    "unmount": [Function],
  },
  Symbol(enzyme.__node__): Object {
    "instance": null,
    "key": undefined,
    "nodeType": "host",
    "props": Object {
      "children": Array [
        <div
          className={undefined}
        >
          <input
            onChange={[Function]}
            value=""
          />
          <button
            onClick={[Function]}
          >
            추가
          </button>
        </div>,
        <h1
          className={undefined}
        >
          사용자 목록
        </h1>,
        <div>
          <UserList
            users={
              Array [
                Object {
                  "id": 1,
                  "username": "jake",
                },
                Object {
                  "id": 2,
                  "username": "jason",
                },
              ]
            }
          />
        </div>,
      ],
      "className": undefined,
    },
    "ref": null,
    "rendered": Array [
      Object {
        "instance": null,
        "key": undefined,
        "nodeType": "host",
        "props": Object {
          "children": Array [
            <input
              onChange={[Function]}
              value=""
            />,
            <button
              onClick={[Function]}
            >
              추가
            </button>,
          ],
          "className": undefined,
        },
        "ref": null,
        "rendered": Array [
          Object {
            "instance": null,
            "key": undefined,
            "nodeType": "host",
            "props": Object {
              "onChange": [Function],
              "value": "",
            },
            "ref": null,
            "rendered": null,
            "type": "input",
          },
          Object {
            "instance": null,
            "key": undefined,
            "nodeType": "host",
            "props": Object {
              "children": "추가",
              "onClick": [Function],
            },
            "ref": null,
            "rendered": "추가",
            "type": "button",
          },
        ],
        "type": "div",
      },
      Object {
        "instance": null,
        "key": undefined,
        "nodeType": "host",
        "props": Object {
          "children": "사용자 목록",
          "className": undefined,
        },
        "ref": null,
        "rendered": "사용자 목록",
        "type": "h1",
      },
      Object {
        "instance": null,
        "key": undefined,
        "nodeType": "host",
        "props": Object {
          "children": <UserList
            users={
              Array [
                Object {
                  "id": 1,
                  "username": "jake",
                },
                Object {
                  "id": 2,
                  "username": "jason",
                },
              ]
            }
          />,
        },
        "ref": null,
        "rendered": Object {
          "instance": null,
          "key": undefined,
          "nodeType": "class",
          "props": Object {
            "users": Array [
              Object {
                "id": 1,
                "username": "jake",
              },
              Object {
                "id": 2,
                "username": "jason",
              },
            ],
          },
          "ref": null,
          "rendered": null,
          "type": [Function],
        },
        "type": "div",
      },
    ],
    "type": "div",
  },
  Symbol(enzyme.__nodes__): Array [
    Object {
      "instance": null,
      "key": undefined,
      "nodeType": "host",
      "props": Object {
        "children": Array [
          <div
            className={undefined}
          >
            <input
              onChange={[Function]}
              value=""
            />
            <button
              onClick={[Function]}
            >
              추가
            </button>
          </div>,
          <h1
            className={undefined}
          >
            사용자 목록
          </h1>,
          <div>
            <UserList
              users={
                Array [
                  Object {
                    "id": 1,
                    "username": "jake",
                  },
                  Object {
                    "id": 2,
                    "username": "jason",
                  },
                ]
              }
            />
          </div>,
        ],
        "className": undefined,
      },
      "ref": null,
      "rendered": Array [
        Object {
          "instance": null,
          "key": undefined,
          "nodeType": "host",
          "props": Object {
            "children": Array [
              <input
                onChange={[Function]}
                value=""
              />,
              <button
                onClick={[Function]}
              >
                추가
              </button>,
            ],
            "className": undefined,
          },
          "ref": null,
          "rendered": Array [
            Object {
              "instance": null,
              "key": undefined,
              "nodeType": "host",
              "props": Object {
                "onChange": [Function],
                "value": "",
              },
              "ref": null,
              "rendered": null,
              "type": "input",
            },
            Object {
              "instance": null,
              "key": undefined,
              "nodeType": "host",
              "props": Object {
                "children": "추가",
                "onClick": [Function],
              },
              "ref": null,
              "rendered": "추가",
              "type": "button",
            },
          ],
          "type": "div",
        },
        Object {
          "instance": null,
          "key": undefined,
          "nodeType": "host",
          "props": Object {
            "children": "사용자 목록",
            "className": undefined,
          },
          "ref": null,
          "rendered": "사용자 목록",
          "type": "h1",
        },
        Object {
          "instance": null,
          "key": undefined,
          "nodeType": "host",
          "props": Object {
            "children": <UserList
              users={
                Array [
                  Object {
                    "id": 1,
                    "username": "jake",
                  },
                  Object {
                    "id": 2,
                    "username": "jason",
                  },
                ]
              }
            />,
          },
          "ref": null,
          "rendered": Object {
            "instance": null,
            "key": undefined,
            "nodeType": "class",
            "props": Object {
              "users": Array [
                Object {
                  "id": 1,
                  "username": "jake",
                },
                Object {
                  "id": 2,
                  "username": "jason",
                },
              ],
            },
            "ref": null,
            "rendered": null,
            "type": [Function],
          },
          "type": "div",
        },
      ],
      "type": "div",
    },
  ],
  Symbol(enzyme.__options__): Object {
    "adapter": ReactSixteenAdapter {
      "options": Object {
        "enableComponentDidUpdateOnSetState": true,
      },
    },
  },
}
`;
